// Jest Snapshot v1, https://goo.gl/fbAQLP

exports[`HandleTaskDialog component it(ADD TASK) renders 1`] = `ShallowWrapper {}`;

exports[`HandleTaskDialog component it(EDIT TASK) renders 1`] = `ShallowWrapper {}`;
