// Jest Snapshot v1, https://goo.gl/fbAQLP

exports[`TaskList component it renders 1`] = `ShallowWrapper {}`;
