// Jest Snapshot v1, https://goo.gl/fbAQLP

exports[`TaskTable component it renders 1`] = `ShallowWrapper {}`;
